20:19:37.720 [main] INFO  testCasesLogin.TC002_LoginTestWithInvalidCredentials.loginWithInvalidCreddentials(TC002_LoginTestWithInvalidCredentials.java:49)oggger - TC002_LoginTestWithInvalidCredentials finished...
20:21:01.145 [main] INFO  testCasesLogin.TC002_LoginTestWithInvalidCredentials.loginWithInvalidCreddentials(TC002_LoginTestWithInvalidCredentials.java:18)oggger - TC002_LoginTestWithInvalidCredentials starting...
20:21:01.921 [main] INFO  testCasesLogin.TC002_LoginTestWithInvalidCredentials.loginWithInvalidCreddentials(TC002_LoginTestWithInvalidCredentials.java:25)oggger - Providing customer details
20:21:10.751 [main] INFO  testCasesLogin.TC002_LoginTestWithInvalidCredentials.loginWithInvalidCreddentials(TC002_LoginTestWithInvalidCredentials.java:28)oggger - clicking to login
20:21:10.810 [main] INFO  testCasesLogin.TC002_LoginTestWithInvalidCredentials.loginWithInvalidCreddentials(TC002_LoginTestWithInvalidCredentials.java:31)oggger - Validating expected message
20:21:10.814 [main] INFO  testCasesLogin.TC002_LoginTestWithInvalidCredentials.loginWithInvalidCreddentials(TC002_LoginTestWithInvalidCredentials.java:49)oggger - TC002_LoginTestWithInvalidCredentials finished...
20:22:58.137 [main] INFO  testCasesLogin.TC002_LoginTestWithInvalidCredentials.loginWithInvalidCreddentials(TC002_LoginTestWithInvalidCredentials.java:18)oggger - TC002_LoginTestWithInvalidCredentials starting...
20:22:58.762 [main] INFO  testCasesLogin.TC002_LoginTestWithInvalidCredentials.loginWithInvalidCreddentials(TC002_LoginTestWithInvalidCredentials.java:25)oggger - Providing customer details
20:22:59.006 [main] INFO  testCasesLogin.TC002_LoginTestWithInvalidCredentials.loginWithInvalidCreddentials(TC002_LoginTestWithInvalidCredentials.java:28)oggger - clicking to login
20:23:23.006 [main] INFO  testCasesLogin.TC002_LoginTestWithInvalidCredentials.loginWithInvalidCreddentials(TC002_LoginTestWithInvalidCredentials.java:31)oggger - Validating expected message
20:23:23.011 [main] INFO  testCasesLogin.TC002_LoginTestWithInvalidCredentials.loginWithInvalidCreddentials(TC002_LoginTestWithInvalidCredentials.java:49)oggger - TC002_LoginTestWithInvalidCredentials finished...
20:28:46.456 [main] INFO  testCasesLogin.TC001_LoginTest.login(TC001_LoginTest.java:19)oggger - *** Starting TC001_LoginTest ***
20:28:46.710 [main] INFO  testCasesLogin.TC001_LoginTest.login(TC001_LoginTest.java:27)oggger - Providing customer details
20:28:46.797 [main] INFO  testCasesLogin.TC001_LoginTest.login(TC001_LoginTest.java:29)oggger - clicking to login
20:42:58.022 [main] INFO  testCasesLogin.TC001_LoginTest.login(TC001_LoginTest.java:19)oggger - *** Starting TC001_LoginTest ***
20:42:58.525 [main] INFO  testCasesLogin.TC001_LoginTest.login(TC001_LoginTest.java:27)oggger - Providing customer details
20:46:01.342 [main] INFO  testCasesLogin.TC001_LoginTest.login(TC001_LoginTest.java:19)oggger - *** Starting TC001_LoginTest ***
20:46:01.611 [main] INFO  testCasesLogin.TC001_LoginTest.login(TC001_LoginTest.java:27)oggger - Providing customer details
20:46:07.511 [main] INFO  testCasesLogin.TC001_LoginTest.login(TC001_LoginTest.java:29)oggger - clicking to login
20:47:17.262 [main] INFO  testCasesLogin.TC001_LoginTest.login(TC001_LoginTest.java:19)oggger - *** Starting TC001_LoginTest ***
20:47:17.847 [main] INFO  testCasesLogin.TC001_LoginTest.login(TC001_LoginTest.java:27)oggger - Providing customer details
20:47:23.838 [main] INFO  testCasesLogin.TC001_LoginTest.login(TC001_LoginTest.java:29)oggger - clicking to login
20:50:31.480 [main] INFO  testCasesLogin.TC001_LoginTest.login(TC001_LoginTest.java:19)oggger - *** Starting TC001_LoginTest ***
20:50:32.284 [main] INFO  testCasesLogin.TC001_LoginTest.login(TC001_LoginTest.java:27)oggger - Providing customer details
20:50:32.979 [main] INFO  testCasesLogin.TC001_LoginTest.login(TC001_LoginTest.java:29)oggger - clicking to login
20:50:32.989 [main] INFO  testCasesLogin.TC001_LoginTest.user_is_navigated_to_the_landing_page(TC001_LoginTest.java:88)oggger - Validating expected page title
20:50:32.990 [main] ERROR testCasesLogin.TC001_LoginTest.user_is_navigated_to_the_landing_page(TC001_LoginTest.java:99)oggger - Test failed
20:50:32.992 [main] DEBUG testCasesLogin.TC001_LoginTest.user_is_navigated_to_the_landing_page(TC001_LoginTest.java:100)oggger - Debugs logs
20:50:33.002 [main] INFO  testCasesLogin.TC001_LoginTest.user_is_navigated_to_the_landing_page(TC001_LoginTest.java:116)oggger -  *** Finished TC001_LoginTest *** 
22:05:50.728 [main] INFO  testCasesLogin.TC001_LoginTest.login(TC001_LoginTest.java:19)oggger - *** Starting TC001_LoginTest ***
22:05:51.224 [main] INFO  testCasesLogin.TC001_LoginTest.login(TC001_LoginTest.java:27)oggger - Providing customer details
22:05:52.056 [main] INFO  testCasesLogin.TC001_LoginTest.login(TC001_LoginTest.java:29)oggger - clicking to login
22:05:52.067 [main] INFO  testCasesLogin.TC001_LoginTest.user_is_navigated_to_the_landing_page(TC001_LoginTest.java:88)oggger - Validating expected page title
