23:01:38.729 [main] INFO  testCasesLogin.TC002_LoginTestWithInvalidCredentials.loginWithInvalidCreddentials(TC002_LoginTestWithInvalidCredentials.java:18)oggger - TC002_LoginTestWithInvalidCredentials starting...
23:01:38.936 [main] INFO  testCasesLogin.TC002_LoginTestWithInvalidCredentials.loginWithInvalidCreddentials(TC002_LoginTestWithInvalidCredentials.java:25)oggger - Providing customer details
23:01:39.028 [main] INFO  testCasesLogin.TC002_LoginTestWithInvalidCredentials.loginWithInvalidCreddentials(TC002_LoginTestWithInvalidCredentials.java:28)oggger - clicking to login
23:01:44.417 [main] INFO  testCasesLogin.TC002_LoginTestWithInvalidCredentials.loginWithInvalidCreddentials(TC002_LoginTestWithInvalidCredentials.java:31)oggger - Validating expected message
23:01:44.419 [main] INFO  testCasesLogin.TC002_LoginTestWithInvalidCredentials.loginWithInvalidCreddentials(TC002_LoginTestWithInvalidCredentials.java:49)oggger - TC002_LoginTestWithInvalidCredentials finished...
23:26:35.135 [main] INFO  testCasesLogin.TC001_LoginTest.login(TC001_LoginTest.java:17)oggger - *** Starting TC001_LoginTest ***
23:26:35.498 [main] INFO  testCasesLogin.TC001_LoginTest.login(TC001_LoginTest.java:25)oggger - Providing customer details
23:26:35.588 [main] INFO  testCasesLogin.TC001_LoginTest.login(TC001_LoginTest.java:27)oggger - clicking to login
23:26:54.811 [main] INFO  testCasesLogin.TC002_LoginTestWithInvalidCredentials.loginWithInvalidCreddentials(TC002_LoginTestWithInvalidCredentials.java:18)oggger - TC002_LoginTestWithInvalidCredentials starting...
23:26:55.019 [main] INFO  testCasesLogin.TC002_LoginTestWithInvalidCredentials.loginWithInvalidCreddentials(TC002_LoginTestWithInvalidCredentials.java:25)oggger - Providing customer details
23:27:00.109 [main] INFO  testCasesLogin.TC002_LoginTestWithInvalidCredentials.loginWithInvalidCreddentials(TC002_LoginTestWithInvalidCredentials.java:28)oggger - clicking to login
23:27:00.164 [main] INFO  testCasesLogin.TC002_LoginTestWithInvalidCredentials.loginWithInvalidCreddentials(TC002_LoginTestWithInvalidCredentials.java:31)oggger - Validating expected message
23:27:00.164 [main] INFO  testCasesLogin.TC002_LoginTestWithInvalidCredentials.loginWithInvalidCreddentials(TC002_LoginTestWithInvalidCredentials.java:49)oggger - TC002_LoginTestWithInvalidCredentials finished...
23:27:19.798 [main] INFO  testCasesLogin.TC001_LoginTest.login(TC001_LoginTest.java:17)oggger - *** Starting TC001_LoginTest ***
23:27:19.929 [main] INFO  testCasesLogin.TC001_LoginTest.login(TC001_LoginTest.java:25)oggger - Providing customer details
23:27:25.390 [main] INFO  testCasesLogin.TC001_LoginTest.login(TC001_LoginTest.java:27)oggger - clicking to login
23:27:49.956 [main] INFO  testCasesLogin.TC002_LoginTestWithInvalidCredentials.loginWithInvalidCreddentials(TC002_LoginTestWithInvalidCredentials.java:18)oggger - TC002_LoginTestWithInvalidCredentials starting...
23:27:50.128 [main] INFO  testCasesLogin.TC002_LoginTestWithInvalidCredentials.loginWithInvalidCreddentials(TC002_LoginTestWithInvalidCredentials.java:25)oggger - Providing customer details
23:27:55.536 [main] INFO  testCasesLogin.TC002_LoginTestWithInvalidCredentials.loginWithInvalidCreddentials(TC002_LoginTestWithInvalidCredentials.java:28)oggger - clicking to login
23:27:55.577 [main] INFO  testCasesLogin.TC002_LoginTestWithInvalidCredentials.loginWithInvalidCreddentials(TC002_LoginTestWithInvalidCredentials.java:31)oggger - Validating expected message
23:27:55.578 [main] INFO  testCasesLogin.TC002_LoginTestWithInvalidCredentials.loginWithInvalidCreddentials(TC002_LoginTestWithInvalidCredentials.java:49)oggger - TC002_LoginTestWithInvalidCredentials finished...
23:28:29.235 [main] INFO  testCasesLogin.TC001_LoginTest.login(TC001_LoginTest.java:17)oggger - *** Starting TC001_LoginTest ***
23:28:29.992 [main] INFO  testCasesLogin.TC001_LoginTest.login(TC001_LoginTest.java:25)oggger - Providing customer details
23:28:30.723 [main] INFO  testCasesLogin.TC001_LoginTest.login(TC001_LoginTest.java:27)oggger - clicking to login
23:28:51.478 [main] INFO  testCasesLogin.TC002_LoginTestWithInvalidCredentials.loginWithInvalidCreddentials(TC002_LoginTestWithInvalidCredentials.java:18)oggger - TC002_LoginTestWithInvalidCredentials starting...
23:28:51.806 [main] INFO  testCasesLogin.TC002_LoginTestWithInvalidCredentials.loginWithInvalidCreddentials(TC002_LoginTestWithInvalidCredentials.java:25)oggger - Providing customer details
23:28:56.064 [main] INFO  testCasesLogin.TC002_LoginTestWithInvalidCredentials.loginWithInvalidCreddentials(TC002_LoginTestWithInvalidCredentials.java:28)oggger - clicking to login
23:28:56.160 [main] INFO  testCasesLogin.TC002_LoginTestWithInvalidCredentials.loginWithInvalidCreddentials(TC002_LoginTestWithInvalidCredentials.java:31)oggger - Validating expected message
23:28:56.160 [main] INFO  testCasesLogin.TC002_LoginTestWithInvalidCredentials.loginWithInvalidCreddentials(TC002_LoginTestWithInvalidCredentials.java:49)oggger - TC002_LoginTestWithInvalidCredentials finished...
