00:03:36.857 [main] DEBUG org.apache.poi.openxml4j.opc.PackageRelationshipCollection.parseRelationshipsPart(PackageRelationshipCollection.java:307)oggger - Parsing relationship: /xl/worksheets/_rels/sheet1.xml.rels
00:03:36.862 [main] DEBUG org.apache.poi.openxml4j.opc.PackageRelationshipCollection.parseRelationshipsPart(PackageRelationshipCollection.java:307)oggger - Parsing relationship: /_rels/.rels
00:03:36.878 [main] DEBUG org.apache.poi.ooxml.POIXMLFactory.createDocumentPart(POIXMLFactory.java:65)oggger - using default POIXMLDocumentPart for http://schemas.openxmlformats.org/officeDocument/2006/relationships/printerSettings
00:03:36.896 [main] DEBUG org.apache.poi.openxml4j.opc.PackageRelationshipCollection.parseRelationshipsPart(PackageRelationshipCollection.java:307)oggger - Parsing relationship: /xl/_rels/workbook.xml.rels
00:03:36.898 [main] DEBUG org.apache.poi.openxml4j.opc.PackageRelationshipCollection.parseRelationshipsPart(PackageRelationshipCollection.java:307)oggger - Parsing relationship: /xl/worksheets/_rels/sheet1.xml.rels
00:03:36.900 [main] DEBUG org.apache.poi.openxml4j.opc.PackageRelationshipCollection.parseRelationshipsPart(PackageRelationshipCollection.java:307)oggger - Parsing relationship: /_rels/.rels
00:03:36.915 [main] DEBUG org.apache.poi.ooxml.POIXMLFactory.createDocumentPart(POIXMLFactory.java:65)oggger - using default POIXMLDocumentPart for http://schemas.openxmlformats.org/officeDocument/2006/relationships/printerSettings
00:03:36.930 [main] INFO  testCasesLogin.TC004_LoginDDT.verify_LoginDDT(TC004_LoginDDT.java:25)oggger - ****Starting the test TC004_LoginDDT *****
00:03:37.106 [main] INFO  testCasesLogin.TC004_LoginDDT.verify_LoginDDT(TC004_LoginDDT.java:32)oggger - Providing customer details
00:03:37.189 [main] INFO  testCasesLogin.TC004_LoginDDT.verify_LoginDDT(TC004_LoginDDT.java:34)oggger - clicking to login
00:03:48.513 [main] INFO  testCasesLogin.TC004_LoginDDT.verify_LoginDDT(TC004_LoginDDT.java:25)oggger - ****Starting the test TC004_LoginDDT *****
00:03:48.795 [main] INFO  testCasesLogin.TC004_LoginDDT.verify_LoginDDT(TC004_LoginDDT.java:32)oggger - Providing customer details
00:03:49.027 [main] INFO  testCasesLogin.TC004_LoginDDT.verify_LoginDDT(TC004_LoginDDT.java:34)oggger - clicking to login
00:04:02.672 [main] INFO  testCasesLogin.TC004_LoginDDT.verify_LoginDDT(TC004_LoginDDT.java:25)oggger - ****Starting the test TC004_LoginDDT *****
00:04:02.920 [main] INFO  testCasesLogin.TC004_LoginDDT.verify_LoginDDT(TC004_LoginDDT.java:32)oggger - Providing customer details
00:04:03.593 [main] INFO  testCasesLogin.TC004_LoginDDT.verify_LoginDDT(TC004_LoginDDT.java:34)oggger - clicking to login
00:04:06.718 [main] INFO  testCasesLogin.TC004_LoginDDT.verify_LoginDDT(TC004_LoginDDT.java:84)oggger - ****Finished the test TC004_LoginDDT *****
00:04:10.897 [main] INFO  testCasesLogin.TC005_LoginWithInvalidUserName.loginWithInvalidUserName(TC005_LoginWithInvalidUserName.java:17)oggger - ***** Starting TC005_LoginWithInvalidUserName ******
00:04:11.145 [main] INFO  testCasesLogin.TC005_LoginWithInvalidUserName.loginWithInvalidUserName(TC005_LoginWithInvalidUserName.java:25)oggger - Providing customer details
00:04:11.257 [main] INFO  testCasesLogin.TC005_LoginWithInvalidUserName.loginWithInvalidUserName(TC005_LoginWithInvalidUserName.java:28)oggger - clicking to login
00:04:13.610 [main] INFO  testCasesLogin.TC005_LoginWithInvalidUserName.loginWithInvalidUserName(TC005_LoginWithInvalidUserName.java:49)oggger - ****** Finished TC005_LoginWithInvalidUserName ******
00:04:16.421 [main] INFO  testCasesLogin.TC006_LoginWithInvalidPassword.loginWithInvalidPassword(TC006_LoginWithInvalidPassword.java:15)oggger -  **** Starting TC006_LoginWithInvalidPassword *****
00:04:16.625 [main] INFO  testCasesLogin.TC006_LoginWithInvalidPassword.loginWithInvalidPassword(TC006_LoginWithInvalidPassword.java:23)oggger - Providing customer details
